
> ai-test-case-generator-backend@1.0.0 prebuild
> rimraf dist


> ai-test-case-generator-backend@1.0.0 build
> nest build

node.exe : [96msrc/app.module.ts[0m:[93m132[0m:[93m7[0m - 
[91merror[0m[90m TS2353: [0mObject literal may only specify known 
properties, and 'verboseLogging' does not exist in type 
'EventEmitterModuleOptions'.
At line:1 char:1
+ & "C:\Program Files\nodejs/node.exe" "C:\Program Files\nodejs/node_mo ...
+ ~~~~~~~~~~~~~~~~~~~~~~~~~~~~~~~~~~~~~~~~~~~~~~~~~~~~~~~~~~~~~~~~~~~~~
    + CategoryInfo          : NotSpecified: ([96msrc/app.mo...ModuleOptions'. 
   :String) [], RemoteException
    + FullyQualifiedErrorId : NativeCommandError
 

[7m132[0m       verboseLogging: process.env.NODE_ENV !== 'production',
[7m   [0m [91m      ~~~~~~~~~~~~~~[0m
[96msrc/audit/controllers/audit.controller.ts[0m:[93m16[0m:[93m30[0m - 
[91merror[0m[90m TS2307: [0mCannot find module 
'../common/guards/jwt-auth.guard' or its corresponding type declarations.

[7m16[0m import { JwtAuthGuard } from '../common/guards/jwt-auth.guard';
[7m  [0m [91m                             
~~~~~~~~~~~~~~~~~~~~~~~~~~~~~~~~~[0m
[96msrc/audit/controllers/audit.controller.ts[0m:[93m17[0m:[93m28[0m - 
[91merror[0m[90m TS2307: [0mCannot find module 
'../common/guards/roles.guard' or its corresponding type declarations.

[7m17[0m import { RolesGuard } from '../common/guards/roles.guard';
[7m  [0m [91m                           ~~~~~~~~~~~~~~~~~~~~~~~~~~~~~~[0m
[96msrc/audit/controllers/audit.controller.ts[0m:[93m18[0m:[93m23[0m - 
[91merror[0m[90m TS2307: [0mCannot find module 
'../common/decorators/roles.decorator' or its corresponding type declarations.

[7m18[0m import { Roles } from '../common/decorators/roles.decorator';
[7m  [0m [91m                      
~~~~~~~~~~~~~~~~~~~~~~~~~~~~~~~~~~~~~~[0m
[96msrc/audit/controllers/audit.controller.ts[0m:[93m19[0m:[93m29[0m - 
[91merror[0m[90m TS2307: [0mCannot find module 
'../common/decorators/current-user.decorator' or its corresponding type 
declarations.

[7m19[0m import { CurrentUser } from 
'../common/decorators/current-user.decorator';
[7m  [0m [91m                            
~~~~~~~~~~~~~~~~~~~~~~~~~~~~~~~~~~~~~~~~~~~~~[0m
[96msrc/audit/controllers/audit.controller.ts[0m:[93m22[0m:[93m37[0m - 
[91merror[0m[90m TS2307: [0mCannot find module 
'../dtos/audit-log-response.dto' or its corresponding type declarations.

[7m22[0m import { AuditLogResponseDto } from 
'../dtos/audit-log-response.dto';
[7m  [0m [91m                                    
~~~~~~~~~~~~~~~~~~~~~~~~~~~~~~~~[0m
[96msrc/audit/controllers/audit.controller.ts[0m:[93m23[0m:[93m22[0m - 
[91merror[0m[90m TS2307: [0mCannot find module 
'../users/entities/user.entity' or its corresponding type declarations.

[7m23[0m import { User } from '../users/entities/user.entity';
[7m  [0m [91m                     ~~~~~~~~~~~~~~~~~~~~~~~~~~~~~~~[0m
[96msrc/audit/interceptors/audit.interceptor.ts[0m:[93m60[0m:[93m15[0m - 
[91merror[0m[90m TS2339: [0mProperty 'getMetadata' does not exist on type 
'typeof Reflector'.

[7m60[0m     Reflector.getMetadata || {};
[7m  [0m [91m              ~~~~~~~~~~~[0m
[96msrc/audit/interceptors/audit.interceptor.ts[0m:[93m62[0m:[93m15[0m - 
[91merror[0m[90m TS2339: [0mProperty 'set' does not exist on type 
'Reflector'.

[7m62[0m     reflector.set(AUDIT_KEY, metadata, descriptor.value);
[7m  [0m [91m              ~~~[0m
[96msrc/audit/interceptors/audit.interceptor.ts[0m:[93m157[0m:[93m9[0m - 
[91merror[0m[90m TS2741: [0mProperty 'status' is missing in type 
'Record<string, any>' but required in type '{ status: string; }'.

[7m157[0m         afterSnapshot = snapshots.after;
[7m   [0m [91m        ~~~~~~~~~~~~~[0m

  [96msrc/audit/interceptors/audit.interceptor.ts[0m:[93m154[0m:[93m29[0m
    [7m154[0m       let afterSnapshot = { status: 'success' };
    [7m   [0m [96m                            ~~~~~~~~~~~~~~~~~[0m
    'status' is declared here.
[96msrc/audit/repositories/audit.repository.ts[0m:[93m58[0m:[93m16[0m - 
[91merror[0m[90m TS2322: [0mType 'string' is not assignable to type 
'NonNullable<"login" | "logout" | "create" | "update" | "delete" | "generate" 
| "regenerate" | "export" | "approve_test_case" | "reject_test_case" | 
"config_change" | "user_create" | "user_update" | "user_delete" | "jira_sync" 
| "cancel_job"> | FindOperator<...>'.

[7m58[0m       where: { action },
[7m  [0m [91m               ~~~~~~[0m
[96msrc/audit/repositories/audit.repository.ts[0m:[93m74[0m:[93m16[0m - 
[91merror[0m[90m TS2322: [0mType 'string' is not assignable to type 
'NonNullable<"user" | "test_case" | "notification" | "test_step" | 
"generation_job" | "export_history" | "jira_ticket" | "chat_session" | 
"config"> | FindOperator<NonNullable<"user" | ... 7 more ... | "config">>'.

[7m74[0m       where: { entity },
[7m  [0m [91m               ~~~~~~[0m
[96msrc/auth/auth.service.ts[0m:[93m15[0m:[93m27[0m - 
[91merror[0m[90m TS2307: [0mCannot find module 
'../../config/config.module' or its corresponding type declarations.

[7m15[0m import { AppConfig } from '../../config/config.module';
[7m  [0m [91m                          ~~~~~~~~~~~~~~~~~~~~~~~~~~~~[0m
[96msrc/chatbot/mcp/atlassian-mcp.adapter.ts[0m:[93m57[0m:[93m40[0m - 
[91merror[0m[90m TS2345: [0mArgument of type 'Record<string, any>' is not 
assignable to parameter of type '{ jql: string; limit?: number; }'.
  Property 'jql' is missing in type 'Record<string, any>' but required in type 
'{ jql: string; limit?: number; }'.

[7m57[0m           return await this.searchJira(toolCall.arguments);
[7m  [0m [91m                                       ~~~~~~~~~~~~~~~~~~[0m

  [96msrc/chatbot/mcp/atlassian-mcp.adapter.ts[0m:[93m138[0m:[93m5[0m
    [7m138[0m     jql: string;
    [7m   [0m [96m    ~~~[0m
    'jql' is declared here.
[96msrc/chatbot/mcp/atlassian-mcp.adapter.ts[0m:[93m59[0m:[93m38[0m - 
[91merror[0m[90m TS2345: [0mArgument of type 'Record<string, any>' is not 
assignable to parameter of type '{ issueKey: string; }'.
  Property 'issueKey' is missing in type 'Record<string, any>' but required in 
type '{ issueKey: string; }'.

[7m59[0m           return await this.getIssue(toolCall.arguments);
[7m  [0m [91m                                     ~~~~~~~~~~~~~~~~~~[0m

  [96msrc/chatbot/mcp/atlassian-mcp.adapter.ts[0m:[93m162[0m:[93m34[0m
    [7m162[0m   private async getIssue(args: { issueKey: string }): 
Promise<MCPToolResult> {
    [7m   [0m [96m                                 ~~~~~~~~[0m
    'issueKey' is declared here.
[96msrc/chatbot/mcp/atlassian-mcp.adapter.ts[0m:[93m63[0m:[93m37[0m - 
[91merror[0m[90m TS2345: [0mArgument of type 'Record<string, any>' is not 
assignable to parameter of type '{ epicKey: string; }'.
  Property 'epicKey' is missing in type 'Record<string, any>' but required in 
type '{ epicKey: string; }'.

[7m63[0m           return await this.getEpic(toolCall.arguments);
[7m  [0m [91m                                    ~~~~~~~~~~~~~~~~~~[0m

  [96msrc/chatbot/mcp/atlassian-mcp.adapter.ts[0m:[93m201[0m:[93m33[0m
    [7m201[0m   private async getEpic(args: { epicKey: string }): 
Promise<MCPToolResult> {
    [7m   [0m [96m                                ~~~~~~~[0m
    'epicKey' is declared here.
[96msrc/chatbot/mcp/atlassian-mcp.adapter.ts[0m:[93m65[0m:[93m40[0m - 
[91merror[0m[90m TS2345: [0mArgument of type 'Record<string, any>' is not 
assignable to parameter of type '{ projectKey: string; }'.
  Property 'projectKey' is missing in type 'Record<string, any>' but required 
in type '{ projectKey: string; }'.

[7m65[0m           return await this.getSprints(toolCall.arguments);
[7m  [0m [91m                                       ~~~~~~~~~~~~~~~~~~[0m

  [96msrc/chatbot/mcp/atlassian-mcp.adapter.ts[0m:[93m215[0m:[93m5[0m
    [7m215[0m     projectKey: string;
    [7m   [0m [96m    ~~~~~~~~~~[0m
    'projectKey' is declared here.
[96msrc/chatbot/mcp/atlassian-mcp.adapter.ts[0m:[93m67[0m:[93m39[0m - 
[91merror[0m[90m TS2345: [0mArgument of type 'Record<string, any>' is not 
assignable to parameter of type '{ sourceIssueKey: string; targetIssueKey: 
string; linkType: string; }'.
  Type 'Record<string, any>' is missing the following properties from type '{ 
sourceIssueKey: string; targetIssueKey: string; linkType: string; }': 
sourceIssueKey, targetIssueKey, linkType

[7m67[0m           return await this.linkIssue(toolCall.arguments);
[7m  [0m [91m                                      ~~~~~~~~~~~~~~~~~~[0m
[96msrc/config/budget.config.ts[0m:[93m15[0m:[93m3[0m - 
[91merror[0m[90m TS7061: [0mA mapped type may not declare properties or 
methods.

[7m15[0m   [key in UserRole]?: number; // in EUR
[7m  [0m [91m  ~~~~~~~~~~~~~~~~~[0m
[96msrc/dashboard/controllers/dashboard.controller.ts[0m:[93m14[0m:[93m30
[0m - [91merror[0m[90m TS2307: [0mCannot find module 
'../common/guards/jwt-auth.guard' or its corresponding type declarations.

[7m14[0m import { JwtAuthGuard } from '../common/guards/jwt-auth.guard';
[7m  [0m [91m                             
~~~~~~~~~~~~~~~~~~~~~~~~~~~~~~~~~[0m
[96msrc/dashboard/controllers/dashboard.controller.ts[0m:[93m15[0m:[93m28
[0m - [91merror[0m[90m TS2307: [0mCannot find module 
'../common/guards/roles.guard' or its corresponding type declarations.

[7m15[0m import { RolesGuard } from '../common/guards/roles.guard';
[7m  [0m [91m                           ~~~~~~~~~~~~~~~~~~~~~~~~~~~~~~[0m
[96msrc/dashboard/controllers/dashboard.controller.ts[0m:[93m16[0m:[93m23
[0m - [91merror[0m[90m TS2307: [0mCannot find module 
'../common/decorators/roles.decorator' or its corresponding type declarations.

[7m16[0m import { Roles } from '../common/decorators/roles.decorator';
[7m  [0m [91m                      
~~~~~~~~~~~~~~~~~~~~~~~~~~~~~~~~~~~~~~[0m
[96msrc/dashboard/controllers/dashboard.controller.ts[0m:[93m17[0m:[93m29
[0m - [91merror[0m[90m TS2307: [0mCannot find module 
'../common/decorators/current-user.decorator' or its corresponding type 
declarations.

[7m17[0m import { CurrentUser } from 
'../common/decorators/current-user.decorator';
[7m  [0m [91m                            
~~~~~~~~~~~~~~~~~~~~~~~~~~~~~~~~~~~~~~~~~~~~~[0m
[96msrc/dashboard/controllers/dashboard.controller.ts[0m:[93m22[0m:[93m22
[0m - [91merror[0m[90m TS2307: [0mCannot find module 
'../users/entities/user.entity' or its corresponding type declarations.

[7m22[0m import { User } from '../users/entities/user.entity';
[7m  [0m [91m                     ~~~~~~~~~~~~~~~~~~~~~~~~~~~~~~~[0m
[96msrc/dashboard/services/dashboard.service.ts[0m:[93m9[0m:[93m30[0m - 
[91merror[0m[90m TS2307: [0mCannot find module '../redis/redis.service' or 
its corresponding type declarations.

[7m9[0m import { RedisService } from '../redis/redis.service';
[7m [0m [91m                             ~~~~~~~~~~~~~~~~~~~~~~~~[0m
[96msrc/dashboard/services/dashboard.service.ts[0m:[93m10[0m:[93m35[0m - 
[91merror[0m[90m TS2307: [0mCannot find module 
'./dtos/dashboard-stats.dto' or its corresponding type declarations.

[7m10[0m import { DashboardStatsDto } from './dtos/dashboard-stats.dto';
[7m  [0m [91m                                  
~~~~~~~~~~~~~~~~~~~~~~~~~~~~[0m
[96msrc/dashboard/services/dashboard.service.ts[0m:[93m11[0m:[93m64[0m - 
[91merror[0m[90m TS2307: [0mCannot find module './dtos/activity-feed.dto' 
or its corresponding type declarations.

[7m11[0m import { ActivityFeedDto, ActivityItemDto, ActivityType } from 
'./dtos/activity-feed.dto';
[7m  [0m [91m                                                               
~~~~~~~~~~~~~~~~~~~~~~~~~~[0m
[96msrc/dashboard/services/dashboard.service.ts[0m:[93m12[0m:[93m31[0m - 
[91merror[0m[90m TS2307: [0mCannot find module './dtos/token-usage.dto' or 
its corresponding type declarations.

[7m12[0m import { TokenUsageDto } from './dtos/token-usage.dto';
[7m  [0m [91m                              ~~~~~~~~~~~~~~~~~~~~~~~~[0m
[96msrc/dashboard/services/dashboard.service.ts[0m:[93m13[0m:[93m22[0m - 
[91merror[0m[90m TS2307: [0mCannot find module 
'../users/entities/user.entity' or its corresponding type declarations.

[7m13[0m import { User } from '../users/entities/user.entity';
[7m  [0m [91m                     ~~~~~~~~~~~~~~~~~~~~~~~~~~~~~~~[0m
[96msrc/dashboard/services/dashboard.service.ts[0m:[93m14[0m:[93m26[0m - 
[91merror[0m[90m TS2307: [0mCannot find module 
'../generator/entities/test-case.entity' or its corresponding type 
declarations.

[7m14[0m import { TestCase } from '../generator/entities/test-case.entity';
[7m  [0m [91m                         
~~~~~~~~~~~~~~~~~~~~~~~~~~~~~~~~~~~~~~~~[0m
[96msrc/dashboard/services/dashboard.service.ts[0m:[93m15[0m:[93m28[0m - 
[91merror[0m[90m TS2307: [0mCannot find module 
'../jira/entities/jira-ticket.entity' or its corresponding type declarations.

[7m15[0m import { JiraTicket } from '../jira/entities/jira-ticket.entity';
[7m  [0m [91m                           
~~~~~~~~~~~~~~~~~~~~~~~~~~~~~~~~~~~~~[0m
[96msrc/dashboard/services/dashboard.service.ts[0m:[93m16[0m:[93m26[0m - 
[91merror[0m[90m TS2307: [0mCannot find module 
'../audit/entities/audit-log.entity' or its corresponding type declarations.

[7m16[0m import { AuditLog } from '../audit/entities/audit-log.entity';
[7m  [0m [91m                         
~~~~~~~~~~~~~~~~~~~~~~~~~~~~~~~~~~~~[0m
[96msrc/dashboard/services/dashboard.service.ts[0m:[93m17[0m:[93m30[0m - 
[91merror[0m[90m TS2307: [0mCannot find module 
'../notifications/entities/notification.entity' or its corresponding type 
declarations.

[7m17[0m import { Notification } from 
'../notifications/entities/notification.entity';
[7m  [0m [91m                             
~~~~~~~~~~~~~~~~~~~~~~~~~~~~~~~~~~~~~~~~~~~~~~~[0m
[96msrc/export/controllers/export.controller.ts[0m:[93m105[0m:[93m23[0m 
- [91merror[0m[90m TS2339: [0mProperty 'paginated' does not exist on type 
'{ exports: ExportHistory[]; total: number; }'.

[7m105[0m         pages: result.paginated.pages,
[7m   [0m [91m                      ~~~~~~~~~[0m
[96msrc/export/repositories/export.repository.ts[0m:[93m35[0m:[93m43[0m 
- [91merror[0m[90m TS2769: [0mNo overload matches this call.
  Overload 1 of 3, '(entityLikeArray: DeepPartial<ExportHistory>[]): 
ExportHistory[]', gave the following error.
    Object literal may only specify known properties, and 'userId' does not 
exist in type 'DeepPartial<ExportHistory>[]'.
  Overload 2 of 3, '(entityLike: DeepPartial<ExportHistory>): ExportHistory', 
gave the following error.
    Type 'string' is not assignable to type 'DeepPartial<"json" | "csv" | 
"excel">'.

[7m35[0m     const exportHistory = this.repository.create({
[7m  [0m [91m                                          ~~~~~~[0m

  [96msrc/export/entities/export-history.entity.ts[0m:[93m27[0m:[93m3[0m
    [7m27[0m   format: 'csv' | 'json' | 'excel';
    [7m  [0m [96m  ~~~~~~[0m
    The expected type comes from property 'format' which is declared here on 
type 'DeepPartial<ExportHistory>'
[96msrc/export/repositories/export.repository.ts[0m:[93m48[0m:[93m5[0m - 
[91merror[0m[90m TS2740: [0mType 'ExportHistory[]' is missing the 
following properties from type 'ExportHistory': id, userId, format, fileName, 
and 13 more.

[7m48[0m     return this.repository.save(exportHistory);
[7m  [0m [91m    ~~~~~~[0m
[96msrc/export/repositories/export.repository.ts[0m:[93m87[0m:[93m16[0m 
- [91merror[0m[90m TS2322: [0mType 'string' is not assignable to type 
'NonNullable<"completed" | "pending" | "failed" | "in_progress"> | 
FindOperator<NonNullable<"completed" | "pending" | "failed" | "in_progress">>'.

[7m87[0m       where: { status },
[7m  [0m [91m               ~~~~~~[0m
[96msrc/export/repositories/export.repository.ts[0m:[93m105[0m:[93m16[0m 
- [91merror[0m[90m TS2322: [0mType 'string' is not assignable to type 
'NonNullable<"json" | "csv" | "excel"> | FindOperator<NonNullable<"json" | 
"csv" | "excel">>'.

[7m105[0m       where: { format },
[7m   [0m [91m               ~~~~~~[0m
[96msrc/export/services/export.service.ts[0m:[93m201[0m:[93m7[0m - 
[91merror[0m[90m TS2353: [0mObject literal may only specify known 
properties, and 'paginated' does not exist in type '{ exports: 
ExportHistory[]; total: number; }'.

[7m201[0m       paginated: {
[7m   [0m [91m      ~~~~~~~~~[0m
[96msrc/generator/generator.module.ts[0m:[93m13[0m:[93m42[0m - 
[91merror[0m[90m TS2307: [0mCannot find module 
'./workers/generator-worker.processor' or its corresponding type declarations.

[7m13[0m import { GeneratorWorkerProcessor } from 
'./workers/generator-worker.processor';
[7m  [0m [91m                                         
~~~~~~~~~~~~~~~~~~~~~~~~~~~~~~~~~~~~~~[0m
[96msrc/generator/processors/generator-worker.processor.ts[0m:[93m7[0m:[93
m25[0m - [91merror[0m[90m TS2305: [0mModule '"@nestjs/bullmq"' has no 
exported member 'Worker'.

[7m7[0m import { OnWorkerEvent, Worker, WorkerOptions } from 
'@nestjs/bullmq';
[7m [0m [91m                        ~~~~~~[0m
[96msrc/generator/processors/generator-worker.processor.ts[0m:[93m7[0m:[93
m33[0m - [91merror[0m[90m TS2305: [0mModule '"@nestjs/bullmq"' has no 
exported member 'WorkerOptions'.

[7m7[0m import { OnWorkerEvent, Worker, WorkerOptions } from 
'@nestjs/bullmq';
[7m [0m [91m                                ~~~~~~~~~~~~~[0m
[96msrc/generator/processors/generator-worker.processor.ts[0m:[93m9[0m:[93
m34[0m - [91merror[0m[90m TS2307: [0mCannot find module 
'./generator.service' or its corresponding type declarations.

[7m9[0m import { GeneratorService } from './generator.service';
[7m [0m [91m                                 ~~~~~~~~~~~~~~~~~~~~~[0m
[96msrc/generator/processors/generator-worker.processor.ts[0m:[93m118[0m:[
93m18[0m - [91merror[0m[90m TS2345: [0mArgument of type '"retry"' is not 
assignable to parameter of type 'keyof WorkerListener<any, any, string>'.

[7m118[0m   @OnWorkerEvent('retry')
[7m   [0m [91m                 ~~~~~~~[0m
[96msrc/generator/repositories/generator.repository.ts[0m:[93m8[0m:[93m26
[0m - [91merror[0m[90m TS2307: [0mCannot find module 
'./entities/test-case.entity' or its corresponding type declarations.

[7m8[0m import { TestCase } from './entities/test-case.entity';
[7m [0m [91m                         ~~~~~~~~~~~~~~~~~~~~~~~~~~~~~[0m
[96msrc/generator/repositories/generator.repository.ts[0m:[93m9[0m:[93m26
[0m - [91merror[0m[90m TS2307: [0mCannot find module 
'./entities/test-step.entity' or its corresponding type declarations.

[7m9[0m import { TestStep } from './entities/test-step.entity';
[7m [0m [91m                         ~~~~~~~~~~~~~~~~~~~~~~~~~~~~~[0m
[96msrc/generator/services/generator.service.ts[0m:[93m330[0m:[93m28[0m 
- [91merror[0m[90m TS2551: [0mProperty '_progress' does not exist on type 
'Job<any, any, string>'. Did you mean 'progress'?

[7m330[0m       const progress = job._progress || 0;
[7m   [0m [91m                           ~~~~~~~~~[0m

  [96mnode_modules/bullmq/dist/esm/classes/job.d.ts[0m:[93m41[0m:[93m5[0m
    [7m41[0m     progress: number | object;
    [7m  [0m [96m    ~~~~~~~~[0m
    'progress' is declared here.
[96msrc/generator/services/generator.service.ts[0m:[93m337[0m:[93m21[0m 
- [91merror[0m[90m TS2339: [0mProperty '_result' does not exist on type 
'Job<any, any, string>'.

[7m337[0m         result: job._result,
[7m   [0m [91m                    ~~~~~~~[0m
[96msrc/health/indicators/llm.indicator.ts[0m:[93m7[0m:[93m28[0m - 
[91merror[0m[90m TS2307: [0mCannot find module '../llm/llm.service' or its 
corresponding type declarations.

[7m7[0m import { LLMService } from '../llm/llm.service';
[7m [0m [91m                           ~~~~~~~~~~~~~~~~~~~~[0m
[96msrc/health/indicators/redis.indicator.ts[0m:[93m7[0m:[93m30[0m - 
[91merror[0m[90m TS2307: [0mCannot find module '../redis/redis.service' or 
its corresponding type declarations.

[7m7[0m import { RedisService } from '../redis/redis.service';
[7m [0m [91m                             ~~~~~~~~~~~~~~~~~~~~~~~~[0m
[96msrc/jira/controllers/jira.controller.ts[0m:[93m22[0m:[93m30[0m - 
[91merror[0m[90m TS2307: [0mCannot find module 
'../common/guards/jwt-auth.guard' or its corresponding type declarations.

[7m22[0m import { JwtAuthGuard } from '../common/guards/jwt-auth.guard';
[7m  [0m [91m                             
~~~~~~~~~~~~~~~~~~~~~~~~~~~~~~~~~[0m
[96msrc/jira/controllers/jira.controller.ts[0m:[93m23[0m:[93m28[0m - 
[91merror[0m[90m TS2307: [0mCannot find module 
'../common/guards/roles.guard' or its corresponding type declarations.

[7m23[0m import { RolesGuard } from '../common/guards/roles.guard';
[7m  [0m [91m                           ~~~~~~~~~~~~~~~~~~~~~~~~~~~~~~[0m
[96msrc/jira/controllers/jira.controller.ts[0m:[93m24[0m:[93m23[0m - 
[91merror[0m[90m TS2307: [0mCannot find module 
'../common/decorators/roles.decorator' or its corresponding type declarations.

[7m24[0m import { Roles } from '../common/decorators/roles.decorator';
[7m  [0m [91m                      
~~~~~~~~~~~~~~~~~~~~~~~~~~~~~~~~~~~~~~[0m
[96msrc/jira/controllers/jira.controller.ts[0m:[93m25[0m:[93m29[0m - 
[91merror[0m[90m TS2307: [0mCannot find module 
'../common/decorators/current-user.decorator' or its corresponding type 
declarations.

[7m25[0m import { CurrentUser } from 
'../common/decorators/current-user.decorator';
[7m  [0m [91m                            
~~~~~~~~~~~~~~~~~~~~~~~~~~~~~~~~~~~~~~~~~~~~~[0m
[96msrc/jira/controllers/jira.controller.ts[0m:[93m26[0m:[93m32[0m - 
[91merror[0m[90m TS2307: [0mCannot find module '../dtos/sync-request.dto' 
or its corresponding type declarations.

[7m26[0m import { SyncRequestDto } from '../dtos/sync-request.dto';
[7m  [0m [91m                               ~~~~~~~~~~~~~~~~~~~~~~~~~~[0m
[96msrc/jira/controllers/jira.controller.ts[0m:[93m27[0m:[93m39[0m - 
[91merror[0m[90m TS2307: [0mCannot find module 
'../dtos/jira-ticket-response.dto' or its corresponding type declarations.

[7m27[0m import { JiraTicketResponseDto } from 
'../dtos/jira-ticket-response.dto';
[7m  [0m [91m                                      
~~~~~~~~~~~~~~~~~~~~~~~~~~~~~~~~~~[0m
[96msrc/jira/repositories/jira.repository.ts[0m:[93m8[0m:[93m46[0m - 
[91merror[0m[90m TS2307: [0mCannot find module './jira-ticket.entity' or 
its corresponding type declarations.

[7m8[0m import { JiraTicket, JiraTicketStatus } from './jira-ticket.entity';
[7m [0m [91m                                             
~~~~~~~~~~~~~~~~~~~~~~[0m
[96msrc/jira/services/jira-dedup.service.ts[0m:[93m7[0m:[93m32[0m - 
[91merror[0m[90m TS2307: [0mCannot find module 
'./repositories/jira.repository' or its corresponding type declarations.

[7m7[0m import { JiraRepository } from './repositories/jira.repository';
[7m [0m [91m                               
~~~~~~~~~~~~~~~~~~~~~~~~~~~~~~~~[0m
[96msrc/jira/services/jira-dedup.service.ts[0m:[93m8[0m:[93m28[0m - 
[91merror[0m[90m TS2307: [0mCannot find module 
'./entities/jira-ticket.entity' or its corresponding type declarations.

[7m8[0m import { JiraTicket } from './entities/jira-ticket.entity';
[7m [0m [91m                           ~~~~~~~~~~~~~~~~~~~~~~~~~~~~~~~[0m
[96msrc/jira/services/jira-poller.service.ts[0m:[93m9[0m:[93m30[0m - 
[91merror[0m[90m TS2307: [0mCannot find module '../users/users.service' or 
its corresponding type declarations.

[7m9[0m import { UsersService } from '../users/users.service';
[7m [0m [91m                             ~~~~~~~~~~~~~~~~~~~~~~~~[0m
[96msrc/jira/services/jira-poller.service.ts[0m:[93m10[0m:[93m31[0m - 
[91merror[0m[90m TS2307: [0mCannot find module '../config/config.service' 
or its corresponding type declarations.

[7m10[0m import { ConfigService } from '../config/config.service';
[7m  [0m [91m                              ~~~~~~~~~~~~~~~~~~~~~~~~~~[0m
[96msrc/jira/services/jira-poller.service.ts[0m:[93m38[0m:[93m24[0m - 
[91merror[0m[90m TS2551: [0mProperty 'EVERY_2_MINUTES' does not exist on 
type 'typeof CronExpression'. Did you mean 'EVERY_5_MINUTES'?

[7m38[0m   @Cron(CronExpression.EVERY_2_MINUTES)
[7m  [0m [91m                       ~~~~~~~~~~~~~~~[0m

  [96mnode_modules/@nestjs/schedule/dist/enums/cron-expression.enum.d.ts[0m:
[93m7[0m:[93m5[0m
    [7m7[0m     EVERY_5_MINUTES = "0 */5 * * * *",
    [7m [0m [96m    ~~~~~~~~~~~~~~~[0m
    'EVERY_5_MINUTES' is declared here.
[96msrc/jira/services/jira.service.ts[0m:[93m8[0m:[93m32[0m - 
[91merror[0m[90m TS2307: [0mCannot find module 
'./repositories/jira.repository' or its corresponding type declarations.

[7m8[0m import { JiraRepository } from './repositories/jira.repository';
[7m [0m [91m                               
~~~~~~~~~~~~~~~~~~~~~~~~~~~~~~~~[0m
[96msrc/jira/services/jira.service.ts[0m:[93m9[0m:[93m30[0m - 
[91merror[0m[90m TS2307: [0mCannot find module '../users/users.service' or 
its corresponding type declarations.

[7m9[0m import { UsersService } from '../users/users.service';
[7m [0m [91m                             ~~~~~~~~~~~~~~~~~~~~~~~~[0m
[96msrc/jira/services/jira.service.ts[0m:[93m10[0m:[93m46[0m - 
[91merror[0m[90m TS2307: [0mCannot find module 
'./entities/jira-ticket.entity' or its corresponding type declarations.

[7m10[0m import { JiraTicket, JiraTicketStatus } from 
'./entities/jira-ticket.entity';
[7m  [0m [91m                                             
~~~~~~~~~~~~~~~~~~~~~~~~~~~~~~~[0m
[96msrc/llm/dto/llm-options.dto.ts[0m:[93m91[0m:[93m11[0m - 
[91merror[0m[90m TS2741: [0mProperty 'model' is missing in type '{}' but 
required in type 'LLMOptionsDto'.

[7m91[0m   private options: LLMOptionsDto = {};
[7m  [0m [91m          ~~~~~~~[0m

  [96msrc/llm/dto/llm-options.dto.ts[0m:[93m15[0m:[93m3[0m
    [7m15[0m   model: string; // e.g., 'gpt-4o', 'mixtral-8x7b-32768'
    [7m  [0m [96m  ~~~~~[0m
    'model' is declared here.
[96msrc/llm/services/budget-manager.service.ts[0m:[93m9[0m:[93m31[0m - 
[91merror[0m[90m TS2307: [0mCannot find module 
'../../config/config.service' or its corresponding type declarations.

[7m9[0m import { ConfigService } from '../../config/config.service';
[7m [0m [91m                              ~~~~~~~~~~~~~~~~~~~~~~~~~~~~~[0m
[96msrc/llm/services/llm.service.ts[0m:[93m91[0m:[93m23[0m - 
[91merror[0m[90m TS2339: [0mProperty 'info' does not exist on type 
'Logger'.

[7m91[0m           this.logger.info('Falling back to Groq due to budget 
constraints');
[7m  [0m [91m                      ~~~~[0m
[96msrc/main.ts[0m:[93m27[0m:[93m11[0m - [91merror[0m[90m TS2349: 
[0mThis expression is not callable.
  Type 'typeof import("C:/Users/Britto Raja/Desktop/GEN AI - Phase 
2/HackProject/backend/node_modules/helmet/index")' has no call signatures.

[7m27[0m   app.use(helmet());
[7m  [0m [91m          ~~~~~~[0m
[96msrc/main.ts[0m:[93m40[0m:[93m11[0m - [91merror[0m[90m TS2349: 
[0mThis expression is not callable.
  Type 'typeof compression' has no call signatures.

[7m40[0m   app.use(compression());
[7m  [0m [91m          ~~~~~~~~~~~[0m

  [96msrc/main.ts[0m:[93m11[0m:[93m1[0m
    [7m11[0m import * as compression from 'compression';
    [7m  [0m [96m~~~~~~~~~~~~~~~~~~~~~~~~~~~~~~~~~~~~~~~~~~~[0m
    Type originates at this import. A namespace-style import cannot be called 
or constructed, and will cause a failure at runtime. Consider using a default 
import or import require here instead.
[96msrc/main.ts[0m:[93m43[0m:[93m11[0m - [91merror[0m[90m TS2349: 
[0mThis expression is not callable.
  Type 'typeof cookieParser' has no call signatures.

[7m43[0m   app.use(cookieParser());
[7m  [0m [91m          ~~~~~~~~~~~~[0m

  [96msrc/main.ts[0m:[93m9[0m:[93m1[0m
    [7m9[0m import * as cookieParser from 'cookie-parser';
    [7m [0m [96m~~~~~~~~~~~~~~~~~~~~~~~~~~~~~~~~~~~~~~~~~~~~~~[0m
    Type originates at this import. A namespace-style import cannot be called 
or constructed, and will cause a failure at runtime. Consider using a default 
import or import require here instead.
[96msrc/main.ts[0m:[93m82[0m:[93m29[0m - [91merror[0m[90m TS2554: 
[0mExpected 2 arguments, but got 0.

[7m82[0m   app.useGlobalInterceptors(new AuditInterceptor());
[7m  [0m [91m                            ~~~~~~~~~~~~~~~~~~~~~~[0m

  [96msrc/audit/interceptors/audit.interceptor.ts[0m:[93m72[0m:[93m5[0m
    [7m72[0m     private reflector: Reflector,
    [7m  [0m [96m    ~~~~~~~~~~~~~~~~~~~~~~~~~~~~[0m
    An argument for 'reflector' was not provided.
[96msrc/main.ts[0m:[93m89[0m:[93m24[0m - [91merror[0m[90m TS2554: 
[0mExpected 1 arguments, but got 0.

[7m89[0m   app.useGlobalFilters(new GlobalExceptionFilter());
[7m  [0m [91m                       ~~~~~~~~~~~~~~~~~~~~~~~~~~~[0m

Found 88 error(s).

  
[96msrc/common/filters/global-exception.filter.ts[0m:[93m26[0m:[93m15[0m
    [7m26[0m   constructor(private readonly httpAdapterHost: 
HttpAdapterHost) {}
    [7m  [0m [96m              
~~~~~~~~~~~~~~~~~~~~~~~~~~~~~~~~~~~~~~~~~~~~~~~~~[0m
    An argument for 'httpAdapterHost' was not provided.
[96msrc/notifications/channels/in-app.channel.ts[0m:[93m12[0m:[93m8[0m - 
[91merror[0m[90m TS5097: [0mAn import path can only end with a '.ts' 
extension when 'allowImportingTsExtensions' is enabled.

[7m12[0m } from './base-notification.channel.ts';
[7m  [0m [91m       ~~~~~~~~~~~~~~~~~~~~~~~~~~~~~~~~[0m
[96msrc/notifications/repositories/notifications.repository.ts[0m:[93m92[0m
:[93m24[0m - [91merror[0m[90m TS2322: [0mType 'string' is not assignable 
to type 'NonNullable<"ticket_detected" | "generation_complete" | 
"generation_failed" | "approval_needed" | "budget_alert" | "export_ready" | 
"ticket_updated" | "system_alert"> | FindOperator<...>'.

[7m92[0m       where: { userId, type },
[7m  [0m [91m                       ~~~~[0m
[96msrc/notifications/repositories/notifications.repository.ts[0m:[93m111[0
m:[93m24[0m - [91merror[0m[90m TS2322: [0mType 'string' is not 
assignable to type 'NonNullable<"medium" | "low" | "high" | "critical"> | 
FindOperator<NonNullable<"medium" | "low" | "high" | "critical">>'.

[7m111[0m       where: { userId, priority },
[7m   [0m [91m                       ~~~~~~~~[0m
[96msrc/notifications/repositories/notifications.repository.ts[0m:[93m170[0
m:[93m49[0m - [91merror[0m[90m TS2345: [0mArgument of type '{ userId: 
string; type: string; }' is not assignable to parameter of type 'string | 
number | string[] | Date | number[] | ObjectId | Date[] | ObjectId[] | 
FindOptionsWhere<Notification> | FindOptionsWhere<...>[]'.
  Types of property 'type' are incompatible.
    Type 'string' is not assignable to type 'NonNullable<"ticket_detected" | 
"generation_complete" | "generation_failed" | "approval_needed" | 
"budget_alert" | "export_ready" | "ticket_updated" | "system_alert"> | 
FindOperator<...>'.

[7m170[0m     const result = await this.repository.delete({ userId, type });
[7m   [0m [91m                                                
~~~~~~~~~~~~~~~~[0m
[96msrc/observability/logging/logger.ts[0m:[93m50[0m:[93m10[0m - 
[91merror[0m[90m TS2349: [0mThis expression is not callable.
  Type 'typeof import("C:/Users/Britto Raja/Desktop/GEN AI - Phase 
2/HackProject/backend/node_modules/pino/pino")' has no call signatures.

[7m50[0m   return pino(pinoOptions);
[7m  [0m [91m         ~~~~[0m
[96msrc/observability/metrics/metrics.module.ts[0m:[93m80[0m:[93m10[0m - 
[91merror[0m[90m TS2339: [0mProperty 'split' does not exist on type 
'Promise<string>'.

[7m80[0m         .split('\n')
[7m  [0m [91m         ~~~~~[0m

  [96msrc/observability/metrics/metrics.module.ts[0m:[93m80[0m:[93m10[0m
    [7m80[0m         .split('\n')
    [7m  [0m [96m         ~~~~~[0m
    Did you forget to use 'await'?
[96msrc/observability/tracing/tracing.provider.ts[0m:[93m6[0m:[93m10[0m 
- [91merror[0m[90m TS2305: [0mModule 
'"@opentelemetry/auto-instrumentations-node"' has no exported member 'NodeSDK'.

[7m6[0m import { NodeSDK } from '@opentelemetry/auto-instrumentations-node';
[7m [0m [91m         ~~~~~~~[0m
[96msrc/observability/tracing/tracing.provider.ts[0m:[93m9[0m:[93m32[0m 
- [91merror[0m[90m TS2307: [0mCannot find module 
'@opentelemetry/exporter-jaeger-http' or its corresponding type declarations.

[7m9[0m import { JaegerExporter } from '@opentelemetry/exporter-jaeger-http';
[7m [0m [91m                               
~~~~~~~~~~~~~~~~~~~~~~~~~~~~~~~~~~~~~[0m
[96msrc/users/users.module.ts[0m:[93m19[0m:[93m3[0m - 
[91merror[0m[90m TS2353: [0mObject literal may only specify known 
properties, and 'services' does not exist in type 'ModuleMetadata'.

[7m19[0m   services: [UsersService, UsersRepository],
[7m  [0m [91m  ~~~~~~~~[0m
[96msrc/users/users.repository.ts[0m:[93m65[0m:[93m9[0m - 
[91merror[0m[90m TS2322: [0mType 'string' is not assignable to type 
'NonNullable<UserRole> | FindOperator<NonNullable<UserRole>>'.

[7m65[0m         role,
[7m  [0m [91m        ~~~~[0m
[96msrc/users/users.repository.ts[0m:[93m87[0m:[93m9[0m - 
[91merror[0m[90m TS2416: [0mProperty 'softDelete' in type 
'UsersRepository' is not assignable to the same property in base type 
'Repository<User>'.
  Type '(id: string) => Promise<boolean>' is not assignable to type 
'(criteria: string | number | string[] | Date | number[] | ObjectId | Date[] | 
ObjectId[] | FindOptionsWhere<User> | FindOptionsWhere<User>[]) => 
Promise<...>'.
    Type 'Promise<boolean>' is not assignable to type 'Promise<UpdateResult>'.
      Type 'boolean' is not assignable to type 'UpdateResult'.

[7m87[0m   async softDelete(id: string): Promise<boolean> {
[7m  [0m [91m        ~~~~~~~~~~[0m
[96msrc/users/users.repository.ts[0m:[93m98[0m:[93m9[0m - 
[91merror[0m[90m TS2416: [0mProperty 'restore' in type 'UsersRepository' 
is not assignable to the same property in base type 'Repository<User>'.
  Type '(id: string) => Promise<boolean>' is not assignable to type 
'(criteria: string | number | string[] | Date | number[] | ObjectId | Date[] | 
ObjectId[] | FindOptionsWhere<User> | FindOptionsWhere<User>[]) => 
Promise<...>'.
    Type 'Promise<boolean>' is not assignable to type 'Promise<UpdateResult>'.
      Type 'boolean' is not assignable to type 'UpdateResult'.

[7m98[0m   async restore(id: string): Promise<boolean> {
[7m  [0m [91m        ~~~~~~~[0m
[96msrc/utils/supabase-connection-tester.ts[0m:[93m9[0m:[93m27[0m - 
[91merror[0m[90m TS2307: [0mCannot find module './app.module' or its 
corresponding type declarations.

[7m9[0m import { AppModule } from './app.module';
[7m [0m [91m                          ~~~~~~~~~~~~~~[0m
[96msrc/jira/controllers/jira.controller.ts[0m:[93m156[0m:[93m9[0m - 
[91merror[0m[90m TS4053: [0mReturn type of public method from exported 
class has or is using name 'PollMetrics' from external module "C:/Users/Britto 
Raja/Desktop/GEN AI - Phase 
2/HackProject/backend/src/jira/services/jira-poller.service" but cannot be 
named.

[7m156[0m   async triggerPolling(
[7m   [0m [91m        ~~~~~~~~~~~~~~[0m
[96msrc/jira/controllers/jira.controller.ts[0m:[93m175[0m:[93m9[0m - 
[91merror[0m[90m TS4053: [0mReturn type of public method from exported 
class has or is using name 'PollMetrics' from external module "C:/Users/Britto 
Raja/Desktop/GEN AI - Phase 
2/HackProject/backend/src/jira/services/jira-poller.service" but cannot be 
named.

[7m175[0m   async getPollerStatus() {
[7m   [0m [91m        ~~~~~~~~~~~~~~~[0m

